Microchip MPLAB XC8 Compiler V3.00

Linker command line:

-W-3 \
  --edf=C:\Program Files\Microchip\xc8\v3.00\pic\dat\20241204225717_en.msgs \
  -cn -h+dist/default/production\EAD.X.production.sym \
  --cmf=dist/default/production\EAD.X.production.cmf -z -Q18F4520 \
  -oC:\Users\Santi\AppData\Local\Temp\xcAsn7s.\driver_tmp_3.o \
  --defsym=__MPLAB_BUILD=1 --fixupoverflow=error \
  -Mdist/default/production/EAD.X.production.map \
  --md=C:\Users\Santi\AppData\Local\Temp\xcAsn7s.\driver_tmp_0.dat -E1 \
  -ver=XC8 Compiler -ACODE=00h-07FFFh -ACONST=00h-07FFFh \
  -ASMALLCONST=0600h-06FFhx122 -AMEDIUMCONST=0600h-07FFFh -ACOMRAM=01h-07Fh \
  -AABS1=00h-05FFh -ABIGRAM=01h-05FFh -ARAM=080h-0FFh,0100h-01FFhx5 \
  -ABANK0=080h-0FFh -ABANK1=0100h-01FFh -ABANK2=0200h-02FFh \
  -ABANK3=0300h-03FFh -ABANK4=0400h-04FFh -ABANK5=0500h-05FFh \
  -ASFR=0F80h-0FFFh -ABIGSFR=0F80h-0FFFh -ACONFIG=0300000h-030000Dh \
  -AIDLOC=0200000h-0200007h -AEEDATA=0F00000h-0F000FFh -peeprom_data=EEDATA \
  -preset_vec=00h,intcode=8h,intcodelo=18h,sivt_lo,sivt_hi=CODE \
  -ppowerup=CODE,init -pramtop=0600h -psmallconst=SMALLCONST \
  -pmediumconst=MEDIUMCONST -pconst=CONST -AFARRAM=00h-00h \
  -prdata=COMRAM,nvrram=COMRAM,nvbit=COMRAM,rbss=COMRAM,rbit=COMRAM \
  -pfarbss=FARRAM,fardata=FARRAM,nvFARRAM=FARRAM \
  -pintsave_regs=BIGRAM,bigbss=BIGRAM,bigdata=BIGRAM -pbss=RAM \
  -pidata=CODE,irdata=CODE,ibigdata=CODE,ifardata=CODE -prparam=COMRAM \
  C:\Users\Santi\AppData\Local\Temp\xcAsn7s.\driver_tmp_14.o \
  dist/default/production\EAD.X.production.o 

Object code version is 3.11

Machine type is 18F4520



                Name                               Link     Load   Length Selector   Space Scale
C:\Users\Santi\AppData\Local\Temp\xcAsn7s.\driver_tmp_14.o
                idloc                            200000   200000        8        0       5
                config                           300000   300000        E        0       4
                init                               7FFC     7FFC        4     3FFE       0
                reset_vec                             0        0        4        0       0
dist/default/production\EAD.X.production.o
                idloc                            200000   200000        8        0       5
                config                           300000   300000        E        0       4
                smallconst                          600      600       70      300       0
                text28                             1AD6     1AD6       12      338       0
                text27                             1AC4     1AC4       12      338       0
                text26                             19D2     19D2       2C      338       0
                text25                             1A4C     1A4C       24      338       0
                text24                             1930     1930       38      338       0
                text23                             18A8     18A8       4A      338       0
                text22                             1968     1968       36      338       0
                text21                             1A26     1A26       26      338       0
                text20                             184A     184A       5E      338       0
                text19                             1712     1712       74      338       0
                text18                             1786     1786       64      338       0
                text17                             1AE8     1AE8        2      338       0
                text16                             15C4     15C4       AA      338       0
                text15                             104A     104A      16A      338       0
                text14                             18F2     18F2       3E      338       0
                text13                             199E     199E       34      338       0
                text12                              A96      A96      26E      338       0
                text11                              EB8      EB8      192      338       0
                text10                             11B4     11B4      13E      338       0
                text9                              1AB2     1AB2       12      338       0
                text8                              17EA     17EA       60      338       0
                text7                              1A92     1A92       20      338       0
                text6                               670      670      426      338       0
                text5                              12F2     12F2      106      338       0
                text4                              166E     166E       A4      338       0
                text3                               D04      D04      1B4      338       0
                text2                              14E2     14E2       E2      338       0
                text1                              19FE     19FE       28      338       0
                text0                              13F8     13F8       EA      338       0
                cstackCOMRAM                          1        1       4C        1       1
                bssBANK0                             80       80       20       80       1
                bssCOMRAM                            4D       4D       2F        1       1
                cinit                              1A70     1A70       22      338       0

TOTAL           Name                               Link     Load   Length     Space
        CLASS   CODE           
                init                               7FFC     7FFC        4         0
                reset_vec                             0        0        4         0
                text28                             1AD6     1AD6       12         0
                text27                             1AC4     1AC4       12         0
                text26                             19D2     19D2       2C         0
                text25                             1A4C     1A4C       24         0
                text24                             1930     1930       38         0
                text23                             18A8     18A8       4A         0
                text22                             1968     1968       36         0
                text21                             1A26     1A26       26         0
                text20                             184A     184A       5E         0
                text19                             1712     1712       74         0
                text18                             1786     1786       64         0
                text17                             1AE8     1AE8        2         0
                text16                             15C4     15C4       AA         0
                text15                             104A     104A      16A         0
                text14                             18F2     18F2       3E         0
                text13                             199E     199E       34         0
                text12                              A96      A96      26E         0
                text11                              EB8      EB8      192         0
                text10                             11B4     11B4      13E         0
                text9                              1AB2     1AB2       12         0
                text8                              17EA     17EA       60         0
                text7                              1A92     1A92       20         0
                text6                               670      670      426         0
                text5                              12F2     12F2      106         0
                text4                              166E     166E       A4         0
                text3                               D04      D04      1B4         0
                text2                              14E2     14E2       E2         0
                text1                              19FE     19FE       28         0
                text0                              13F8     13F8       EA         0
                cinit                              1A70     1A70       22         0

        CLASS   CONST          

        CLASS   SMALLCONST     
                smallconst                          600      600       70         0

        CLASS   MEDIUMCONST    

        CLASS   COMRAM         
                cstackCOMRAM                          1        1       4C         1
                bssCOMRAM                            4D       4D       2F         1

        CLASS   ABS1           

        CLASS   BIGRAM         

        CLASS   RAM            

        CLASS   BANK0          
                bssBANK0                             80       80       20         1

        CLASS   BANK1          

        CLASS   BANK2          

        CLASS   BANK3          

        CLASS   BANK4          

        CLASS   BANK5          

        CLASS   SFR            

        CLASS   BIGSFR         

        CLASS   CONFIG         
                config                           300000   300000        E         4

        CLASS   IDLOC          
                idloc                            200000   200000        8         5

        CLASS   EEDATA         

        CLASS   FARRAM         

        CLASS   HEAP           

        CLASS   STACK          



SEGMENTS        Name                           Load    Length   Top    Selector   Space  Class

                reset_vec                      000000  000004  000004         0       0  CODE    
                cstackCOMRAM                   000001  00007B  00007C         1       1  COMRAM  
                bssBANK0                       000080  000020  0000A0        80       1  BANK0   
                smallconst                     000600  000070  000670       300       0  SMALLCON
                text6                          000670  00147A  001AEA       338       0  CODE    
                init                           007FFC  000004  008000      3FFE       0  CODE    


UNUSED ADDRESS RANGES

        Name                Unused          Largest block    Delta
        BANK0            0000A0-0000FF               60
        BANK1            000100-0001FF              100
        BANK2            000200-0002FF              100
        BANK3            000300-0003FF              100
        BANK4            000400-0004FF              100
        BANK5            000500-0005FF              100
        BIGRAM           00007C-00007F                4
                         0000A0-0005FF              560
        BIGSFR           000F80-000FFF               80
        CODE             000004-0005FF              5FC
                         001AEA-007FFB             6512
        COMRAM           00007C-00007F                4
        CONST            000004-0005FF              5FC
                         001AEA-007FFB             6512
        EEDATA           F00000-F000FF              100
        MEDIUMCONST      001AEA-007FFB             6512
        RAM              0000A0-0005FF              100
        SFR              000F80-000FFF               80
        SMALLCONST       001AEA-007FFB              100

                                  Symbol Table

?_Ultrasonic_Read             cstackCOMRAM 000032
?___flmul                     cstackCOMRAM 00000F
?___fltol                     cstackCOMRAM 000028
?___lldiv                     cstackCOMRAM 000001
?___lwdiv                     cstackCOMRAM 000001
?___lwmod                     cstackCOMRAM 000001
?___xxtofl                    cstackCOMRAM 000001
?_sprintf                     cstackCOMRAM 000017
?_varredura                   cstackCOMRAM 000001
?_vfprintf                    cstackCOMRAM 000013
BC4@O                         cstackCOMRAM 000039
BC4@O1                        cstackCOMRAM 00003D
BC4@P1                        cstackCOMRAM 000043
BC4@P2                        cstackCOMRAM 000045
BC4@T                         cstackCOMRAM 00003F
BC4@T1                        cstackCOMRAM 00003B
BC4@i                         cstackCOMRAM 000041
BC4@texto1                    cstackCOMRAM 000029
I2C_Write@data                cstackCOMRAM 000002
LCD_Char@data                 cstackCOMRAM 000007
LCD_Command@cmd               cstackCOMRAM 000008
LCD_EnablePulse@data          cstackCOMRAM 000003
LCD_SendNibble@data           cstackCOMRAM 000006
LCD_SendNibble@mode           cstackCOMRAM 000004
LCD_SendNibble@nibble         cstackCOMRAM 000005
LCD_SetCursor@addr            cstackCOMRAM 00000D
LCD_SetCursor@coluna          cstackCOMRAM 000009
LCD_SetCursor@linha           cstackCOMRAM 00000A
LCD_String@str                cstackCOMRAM 000008
Ultrasonic_Read@end           cstackCOMRAM 00003C
Ultrasonic_Read@pulse_time_us cstackCOMRAM 000036
Ultrasonic_Read@start         cstackCOMRAM 00003A
_ADCON1                       (abs)        000FC1
_BC4                          text11       000EB8
_CCP1CON                      (abs)        000FBD
_CCPR1                        (abs)        000FBE
_Escolha                      text10       0011B4
_I2C_Init                     text9        001AB2
_I2C_Start                    text28       001AD6
_I2C_Stop                     text27       001AC4
_I2C_Write                    text26       0019D2
_INTCON2bits                  (abs)        000FF1
_LATB                         (abs)        000F8A
_LATBbits                     (abs)        000F8A
_LATCbits                     (abs)        000F8B
_LCD_Char                     text21       001A26
_LCD_Command                  text23       0018A8
_LCD_EnablePulse              text25       001A4C
_LCD_Init                     text8        0017EA
_LCD_SendNibble               text24       001930
_LCD_SetCursor                text22       001968
_LCD_SetCursor$612            cstackCOMRAM 00000B
_LCD_String                   text20       00184A
_P                            bssCOMRAM    000059
_P1                           bssCOMRAM    000057
_P2                           bssCOMRAM    000055
_PIR1bits                     (abs)        000F9E
_PORTBbits                    (abs)        000F81
_PORTCbits                    (abs)        000F82
_SSPADD                       (abs)        000FC8
_SSPBUF                       (abs)        000FC9
_SSPCON1                      (abs)        000FC6
_SSPCON2                      (abs)        000FC5
_SSPCON2bits                  (abs)        000FC5
_SSPSTAT                      (abs)        000FC7
_SSPSTATbits                  (abs)        000FC7
_T                            bssCOMRAM    000051
_T1CON                        (abs)        000FCD
_TMR1                         (abs)        000FCE
_TRISB                        (abs)        000F93
_TRISC3                       (abs)        007CA3
_TRISC4                       (abs)        007CA4
_TRISCbits                    (abs)        000F94
_U                            bssCOMRAM    000053
_Ultrasonic_Init              text7        001A92
_Ultrasonic_Read              text2        0014E2
__HRAM                        (abs)        000000
__H__absolute__               __absolute__ 000000
__Habs1                       abs1         000000
__Hbank0                      bank0        000000
__Hbank1                      bank1        000000
__Hbank2                      bank2        000000
__Hbank3                      bank3        000000
__Hbank4                      bank4        000000
__Hbank5                      bank5        000000
__Hbigbss                     bigbss       000000
__Hbigdata                    bigdata      000000
__Hbigram                     bigram       000000
__Hbigsfr                     bigsfr       000000
__Hbss                        bss          000000
__HbssBANK0                   bssBANK0     000000
__HbssCOMRAM                  bssCOMRAM    000000
__Hcinit                      cinit        000000
__Hclrtext                    clrtext      000000
__Hcomram                     comram       000000
__Hconfig                     config       30000E
__Hconst                      const        000000
__HcstackCOMRAM               cstackCOMRAM 000000
__Hdata                       data         000000
__Heeprom_data                eeprom_data  000000
__Hfarbss                     farbss       000000
__Hfardata                    fardata      000000
__Hheap                       heap         000000
__Hibigdata                   ibigdata     000000
__Hidata                      idata        000000
__Hidloc                      idloc        200008
__Hifardata                   ifardata     000000
__Hinit                       init         008000
__Hintcode                    intcode      000008
__Hintcode_body               intcode_body 000000
__Hintcodelo                  intcodelo    000018
__Hintentry                   intentry     000000
__Hintret                     intret       000000
__Hintsave_regs               intsave_regs 000000
__Hirdata                     irdata       000000
__Hmediumconst                mediumconst  000000
__HnvFARRAM                   nvFARRAM     000000
__Hnvbit                      nvbit        000000
__Hnvrram                     nvrram       000000
__Hparam                      rparam       000000
__Hpowerup                    powerup      000000
__Hram                        ram          000000
__Hramtop                     ramtop       000600
__Hrbit                       rbit         000000
__Hrbss                       rbss         000000
__Hrdata                      rdata        000000
__Hreset_vec                  reset_vec    000004
__Hrparam                     rparam       000000
__Hsfr                        sfr          000000
__Hsivt_hi                    sivt_hi      000000
__Hsivt_lo                    sivt_lo      000018
__Hsmallconst                 smallconst   000670
__Hspace_0                    (abs)        008000
__Hspace_1                    (abs)        0000A0
__Hspace_2                    (abs)        000000
__Hspace_4                    (abs)        60000E
__Hstack                      stack        000000
__Hstruct                     struct       000000
__Htemp                       temp         000000
__Htext                       text         000000
__Htext0                      text0        000000
__Htext1                      text1        000000
__Htext10                     text10       000000
__Htext11                     text11       000000
__Htext12                     text12       000000
__Htext13                     text13       000000
__Htext14                     text14       000000
__Htext15                     text15       000000
__Htext16                     text16       000000
__Htext17                     text17       000000
__Htext18                     text18       000000
__Htext19                     text19       000000
__Htext2                      text2        000000
__Htext20                     text20       000000
__Htext21                     text21       000000
__Htext22                     text22       000000
__Htext23                     text23       000000
__Htext24                     text24       000000
__Htext25                     text25       000000
__Htext26                     text26       000000
__Htext27                     text27       000000
__Htext28                     text28       000000
__Htext3                      text3        000000
__Htext4                      text4        000000
__Htext5                      text5        000000
__Htext6                      text6        000000
__Htext7                      text7        000000
__Htext8                      text8        000000
__Htext9                      text9        000000
__LRAM                        (abs)        000001
__L__absolute__               __absolute__ 000000
__Labs1                       abs1         000000
__Lbank0                      bank0        000000
__Lbank1                      bank1        000000
__Lbank2                      bank2        000000
__Lbank3                      bank3        000000
__Lbank4                      bank4        000000
__Lbank5                      bank5        000000
__Lbigbss                     bigbss       000000
__Lbigdata                    bigdata      000000
__Lbigram                     bigram       000000
__Lbigsfr                     bigsfr       000000
__Lbss                        bss          000000
__LbssBANK0                   bssBANK0     000000
__LbssCOMRAM                  bssCOMRAM    000000
__Lcinit                      cinit        000000
__Lclrtext                    clrtext      000000
__Lcomram                     comram       000000
__Lconfig                     config       000000
__Lconst                      const        000000
__LcstackCOMRAM               cstackCOMRAM 000000
__Ldata                       data         000000
__Leeprom_data                eeprom_data  000000
__Lfarbss                     farbss       000000
__Lfardata                    fardata      000000
__Lheap                       heap         000000
__Libigdata                   ibigdata     000000
__Lidata                      idata        000000
__Lidloc                      idloc        000000
__Lifardata                   ifardata     000000
__Linit                       init         007FFC
__Lintcode                    intcode      000008
__Lintcode_body               intcode_body 000000
__Lintcodelo                  intcodelo    000018
__Lintentry                   intentry     000000
__Lintret                     intret       000000
__Lintsave_regs               intsave_regs 000000
__Lirdata                     irdata       000000
__Lmediumconst                mediumconst  000000
__LnvFARRAM                   nvFARRAM     000000
__Lnvbit                      nvbit        000000
__Lnvrram                     nvrram       000000
__Lparam                      rparam       000000
__Lpowerup                    powerup      000000
__Lram                        ram          000000
__Lramtop                     ramtop       000600
__Lrbit                       rbit         000000
__Lrbss                       rbss         000000
__Lrdata                      rdata        000000
__Lreset_vec                  reset_vec    000000
__Lrparam                     rparam       000000
__Lsfr                        sfr          000000
__Lsivt_hi                    sivt_hi      000000
__Lsivt_lo                    sivt_lo      000018
__Lsmallconst                 smallconst   000600
__Lspace_0                    (abs)        000000
__Lspace_1                    (abs)        000000
__Lspace_2                    (abs)        000000
__Lspace_4                    (abs)        000000
__Lstack                      stack        000000
__Lstruct                     struct       000000
__Ltemp                       temp         000000
__Ltext                       text         000000
__Ltext0                      text0        000000
__Ltext1                      text1        000000
__Ltext10                     text10       000000
__Ltext11                     text11       000000
__Ltext12                     text12       000000
__Ltext13                     text13       000000
__Ltext14                     text14       000000
__Ltext15                     text15       000000
__Ltext16                     text16       000000
__Ltext17                     text17       000000
__Ltext18                     text18       000000
__Ltext19                     text19       000000
__Ltext2                      text2        000000
__Ltext20                     text20       000000
__Ltext21                     text21       000000
__Ltext22                     text22       000000
__Ltext23                     text23       000000
__Ltext24                     text24       000000
__Ltext25                     text25       000000
__Ltext26                     text26       000000
__Ltext27                     text27       000000
__Ltext28                     text28       000000
__Ltext3                      text3        000000
__Ltext4                      text4        000000
__Ltext5                      text5        000000
__Ltext6                      text6        000000
__Ltext7                      text7        000000
__Ltext8                      text8        000000
__Ltext9                      text9        000000
__S0                          (abs)        008000
__S1                          (abs)        0000A0
__S4                          (abs)        000000
__S5                          (abs)        000000
___flmul                      text6        000670
___flmul@a                    cstackCOMRAM 000013
___flmul@aexp                 cstackCOMRAM 000020
___flmul@b                    cstackCOMRAM 00000F
___flmul@bexp                 cstackCOMRAM 000021
___flmul@grs                  cstackCOMRAM 00001C
___flmul@prod                 cstackCOMRAM 000022
___flmul@sign                 cstackCOMRAM 00001B
___flmul@temp                 cstackCOMRAM 000026
___fltol                      text5        0012F2
___fltol@exp1                 cstackCOMRAM 000031
___fltol@f1                   cstackCOMRAM 000028
___fltol@sign1                cstackCOMRAM 000030
___heap_hi                    (abs)        000000
___heap_lo                    (abs)        000000
___inthi_sp                   stack        000000
___inthi_stack_hi             stack        000000
___inthi_stack_lo             stack        000000
___intlo_sp                   stack        000000
___intlo_stack_hi             stack        000000
___intlo_stack_lo             stack        000000
___lldiv                      text4        00166E
___lldiv@counter              cstackCOMRAM 00000D
___lldiv@dividend             cstackCOMRAM 000001
___lldiv@divisor              cstackCOMRAM 000005
___lldiv@quotient             cstackCOMRAM 000009
___lwdiv                      text19       001712
___lwdiv@counter              cstackCOMRAM 000007
___lwdiv@dividend             cstackCOMRAM 000001
___lwdiv@divisor              cstackCOMRAM 000003
___lwdiv@quotient             cstackCOMRAM 000005
___lwmod                      text18       001786
___lwmod@counter              cstackCOMRAM 000005
___lwmod@dividend             cstackCOMRAM 000001
___lwmod@divisor              cstackCOMRAM 000003
___param_bank                 (abs)        000000
___rparam_used                (abs)        000001
___sp                         stack        000000
___stack_hi                   stack        000000
___stack_lo                   stack        000000
___xxtofl                     text3        000D04
___xxtofl@arg                 cstackCOMRAM 00000B
___xxtofl@exp                 cstackCOMRAM 00000A
___xxtofl@sign                cstackCOMRAM 000009
___xxtofl@val                 cstackCOMRAM 000001
__accesstop                   (abs)        000080
__activetblptr                (abs)        000002
__end_of_BC4                  text11       00104A
__end_of_Escolha              text10       0012F2
__end_of_I2C_Init             text9        001AC4
__end_of_I2C_Start            text28       001AE8
__end_of_I2C_Stop             text27       001AD6
__end_of_I2C_Write            text26       0019FE
__end_of_LCD_Char             text21       001A4C
__end_of_LCD_Command          text23       0018F2
__end_of_LCD_EnablePulse      text25       001A70
__end_of_LCD_Init             text8        00184A
__end_of_LCD_SendNibble       text24       001968
__end_of_LCD_SetCursor        text22       00199E
__end_of_LCD_String           text20       0018A8
__end_of_Ultrasonic_Init      text7        001AB2
__end_of_Ultrasonic_Read      text2        0015C4
__end_of___flmul              text6        000A96
__end_of___fltol              text5        0013F8
__end_of___lldiv              text4        001712
__end_of___lwdiv              text19       001786
__end_of___lwmod              text18       0017EA
__end_of___xxtofl             text3        000EB8
__end_of__initialization      cinit        001A88
__end_of_buzzer               text1        001A26
__end_of_fputc                text16       00166E
__end_of_main                 text0        0014E2
__end_of_putch                text17       001AEA
__end_of_sprintf              text13       0019D2
__end_of_varredura            text12       000D04
__end_of_vfpfcnvrt            text15       0011B4
__end_of_vfprintf             text14       001930
__initialization              cinit        001A70
__mediumconst                 smallconst   000600
__pbssBANK0                   bssBANK0     000080
__pbssCOMRAM                  bssCOMRAM    00004D
__pcinit                      cinit        001A70
__pcstackCOMRAM               cstackCOMRAM 000001
__psmallconst                 smallconst   000600
__ptext0                      text0        0013F8
__ptext1                      text1        0019FE
__ptext10                     text10       0011B4
__ptext11                     text11       000EB8
__ptext12                     text12       000A96
__ptext13                     text13       00199E
__ptext14                     text14       0018F2
__ptext15                     text15       00104A
__ptext16                     text16       0015C4
__ptext17                     text17       001AE8
__ptext18                     text18       001786
__ptext19                     text19       001712
__ptext2                      text2        0014E2
__ptext20                     text20       00184A
__ptext21                     text21       001A26
__ptext22                     text22       001968
__ptext23                     text23       0018A8
__ptext24                     text24       001930
__ptext25                     text25       001A4C
__ptext26                     text26       0019D2
__ptext27                     text27       001AC4
__ptext28                     text28       001AD6
__ptext3                      text3        000D04
__ptext4                      text4        00166E
__ptext5                      text5        0012F2
__ptext6                      text6        000670
__ptext7                      text7        001A92
__ptext8                      text8        0017EA
__ptext9                      text9        001AB2
__ramtop                      ramtop       000600
__smallconst                  smallconst   000600
_buzzer                       text1        0019FE
_dbuf                         bssBANK0     000080
_flags                        bssCOMRAM    00005B
_fputc                        text16       0015C4
_main                         text0        0013F8
_prec                         bssCOMRAM    00004F
_putch                        text17       001AE8
_sprintf                      text13       00199E
_texto1                       bssCOMRAM    00006C
_texto2                       bssCOMRAM    00005C
_varredura                    text12       000A96
_vfpfcnvrt                    text15       00104A
_vfprintf                     text14       0018F2
_width                        bssCOMRAM    00004D
buzzer@D                      cstackCOMRAM 000001
buzzer@P                      cstackCOMRAM 000003
end_of_initialization         cinit        001A88
fputc@c                       cstackCOMRAM 000001
fputc@fp                      cstackCOMRAM 000003
intlevel0                     text         000000
intlevel1                     text         000000
intlevel2                     text         000000
intlevel3                     text         000000
isa$std                       (abs)        000001
isa$xinst                     (abs)        000000
main@dist                     cstackCOMRAM 00004B
sprintf@ap                    cstackCOMRAM 00001B
sprintf@f                     cstackCOMRAM 00001C
sprintf@fmt                   cstackCOMRAM 000018
sprintf@s                     cstackCOMRAM 000017
stackhi                       (abs)        000000
stacklo                       (abs)        000000
start                         init         007FFC
start_initialization          cinit        001A70
varredura@valor               cstackCOMRAM 000003
vfpfcnvrt@ap                  cstackCOMRAM 00000B
vfpfcnvrt@c                   cstackCOMRAM 000012
vfpfcnvrt@convarg             cstackCOMRAM 00000D
vfpfcnvrt@cp                  cstackCOMRAM 000011
vfpfcnvrt@fmt                 cstackCOMRAM 00000A
vfpfcnvrt@fp                  cstackCOMRAM 000009
vfprintf@ap                   cstackCOMRAM 000015
vfprintf@cfmt                 cstackCOMRAM 000016
vfprintf@fmt                  cstackCOMRAM 000014
vfprintf@fp                   cstackCOMRAM 000013


MODULE INFORMATION

Module		Function		Class		Link	Load	Size
C:\Program Files\Microchip\xc8\v3.00\pic\sources\c99\common\nf_fputc.c
		_fputc         		CODE           	15C4	0000	170

C:\Program Files\Microchip\xc8\v3.00\pic\sources\c99\common\nf_fputc.c estimated size: 170

Prog_EAD.c
		_Escolha       		CODE           	11B4	0000	318
		_main          		CODE           	13F8	0000	234
		_buzzer        		CODE           	19FE	0000	40

Prog_EAD.c estimated size: 592

C:\Program Files\Microchip\xc8\v3.00\pic\sources\c99\common\nf_sprintf.c
		_sprintf       		CODE           	199E	0000	52

C:\Program Files\Microchip\xc8\v3.00\pic\sources\c99\common\nf_sprintf.c estimated size: 52

C:\Program Files\Microchip\xc8\v3.00\pic\sources\c99\common\lwmod.c
		___lwmod       		CODE           	1786	0000	100

C:\Program Files\Microchip\xc8\v3.00\pic\sources\c99\common\lwmod.c estimated size: 100

C:\Program Files\Microchip\xc8\v3.00\pic\sources\c99\common\putch.c
		_putch         		CODE           	1AE8	0000	2

C:\Program Files\Microchip\xc8\v3.00\pic\sources\c99\common\putch.c estimated size: 2

./C4.h
		_BC4           		CODE           	0EB8	0000	402

./C4.h estimated size: 402

C:\Program Files\Microchip\xc8\v3.00\pic\sources\c99\common\sprcmul.c
		___flmul       		CODE           	0670	0000	1062

C:\Program Files\Microchip\xc8\v3.00\pic\sources\c99\common\sprcmul.c estimated size: 1062

./bib_LCD.h
		_LCD_String    		CODE           	184A	0000	94
		_LCD_Init      		CODE           	17EA	0000	96
		_LCD_Command   		CODE           	18A8	0000	74
		_LCD_SendNibble		CODE           	1930	0000	56
		_LCD_SetCursor 		CODE           	1968	0000	54
		_I2C_Write     		CODE           	19D2	0000	44
		_LCD_EnablePulse		CODE           	1A4C	0000	36
		_LCD_Char      		CODE           	1A26	0000	38
		_I2C_Stop      		CODE           	1AC4	0000	18
		_I2C_Init      		CODE           	1AB2	0000	18
		_I2C_Start     		CODE           	1AD6	0000	18

./bib_LCD.h estimated size: 546

C:\Program Files\Microchip\xc8\v3.00\pic\sources\c99\common\__lldiv.c
		___lldiv       		CODE           	166E	0000	164

C:\Program Files\Microchip\xc8\v3.00\pic\sources\c99\common\__lldiv.c estimated size: 164

shared
		__initialization		CODE           	1A70	0000	24

shared estimated size: 24

C:\Program Files\Microchip\xc8\v3.00\pic\sources\c99\common\xxtofl.c
		___xxtofl      		CODE           	0D04	0000	436

C:\Program Files\Microchip\xc8\v3.00\pic\sources\c99\common\xxtofl.c estimated size: 436

./bib_TECLADO.h
		_varredura     		CODE           	0A96	0000	622

./bib_TECLADO.h estimated size: 622

./bib_Ultrasonico.h
		_Ultrasonic_Read		CODE           	14E2	0000	226
		_Ultrasonic_Init		CODE           	1A92	0000	32

./bib_Ultrasonico.h estimated size: 258

C:\Program Files\Microchip\xc8\v3.00\pic\sources\c99\common\lwdiv.c
		___lwdiv       		CODE           	1712	0000	116

C:\Program Files\Microchip\xc8\v3.00\pic\sources\c99\common\lwdiv.c estimated size: 116

C:\Program Files\Microchip\xc8\v3.00\pic\sources\c99\common\fltol.c
		___fltol       		CODE           	12F2	0000	262

C:\Program Files\Microchip\xc8\v3.00\pic\sources\c99\common\fltol.c estimated size: 262

C:\Program Files\Microchip\xc8\v3.00\pic\sources\c99\common\doprnt.c
		_vfpfcnvrt     		CODE           	104A	0000	362
		_vfprintf      		CODE           	18F2	0000	62

C:\Program Files\Microchip\xc8\v3.00\pic\sources\c99\common\doprnt.c estimated size: 424

